// Jest Snapshot v1, https://goo.gl/fbAQLP

exports[`<Header /> should render and match the snapshot 1`] = `
<body>
  <div>
    <header
      class="ant-layout-header Header__StyledHeader-wp2jxc-0 kmgJCM"
      data-testid="header"
      intl="[object Object]"
    >
      <img
        alt="logo"
        class="Header__Logo-wp2jxc-1 gNOdpN"
        src="IMAGE_MOCK"
      />
      <p
        class="T__StyledText-gjlic1-0 kYTaGb Header__Title-wp2jxc-2 cqzBIP"
        data-testid="t"
      >
        My Tunes
      </p>
    </header>
  </div>
</body>
`;
