// Jest Snapshot v1, https://goo.gl/fbAQLP

exports[`<ITunes /> container tests should render and match the snapshot 1`] = `
<body>
  <div>
    <div
      class="ITunes__SearchContainer-fbwjmv-0 hdgZyn"
    >
      <span
        class="ant-input-group-wrapper ant-input-search ITunes__SearchBox-fbwjmv-2 fpvxAJ"
      >
        <span
          class="ant-input-wrapper ant-input-group"
        >
          <input
            class="ant-input"
            data-testid="search-field"
            placeholder="search for songs..."
            type="text"
            value=""
          />
          <span
            class="ant-input-group-addon"
          >
            <button
              class="ant-btn ant-btn-icon-only ant-input-search-button"
              type="button"
            >
              <span
                aria-label="search"
                class="anticon anticon-search"
                role="img"
              >
                <svg
                  aria-hidden="true"
                  data-icon="search"
                  fill="currentColor"
                  focusable="false"
                  height="1em"
                  viewBox="64 64 896 896"
                  width="1em"
                >
                  <path
                    d="M909.6 854.5L649.9 594.8C690.2 542.7 712 479 712 412c0-80.2-31.3-155.4-87.9-212.1-56.6-56.7-132-87.9-212.1-87.9s-155.5 31.3-212.1 87.9C143.2 256.5 112 331.8 112 412c0 80.1 31.3 155.5 87.9 212.1C256.5 680.8 331.8 712 412 712c67 0 130.6-21.8 182.7-62l259.7 259.6a8.2 8.2 0 0011.6 0l43.6-43.5a8.2 8.2 0 000-11.6zM570.4 570.4C528 612.7 471.8 636 412 636s-116-23.3-158.4-65.6C211.3 528 188 471.8 188 412s23.3-116.1 65.6-158.4C296 211.3 352.2 188 412 188s116.1 23.2 158.4 65.6S636 352.2 636 412s-23.3 116.1-65.6 158.4z"
                  />
                </svg>
              </span>
            </button>
          </span>
        </span>
      </span>
    </div>
    <div
      class="ITunes__TracksListContainer-fbwjmv-1 pftw"
    >
      <div
        class="ITunes__GridLayout-fbwjmv-3 diIYfV"
      >
        <div
          class="ant-card ant-card-bordered MusicInfoCard__InfoCard-sc-4tgp7y-1 hXHvIE"
          data-testid="music-info-card"
        >
          <div
            class="ant-card-cover"
          >
            <img
              alt="test track 1"
              height="250px"
              loading="lazy"
              style="max-inline-size: 100%;"
              width="250px"
            />
          </div>
          <div
            class="ant-card-body"
          >
            <div
              class="ant-card-meta MusicInfoCard__StyledMeta-sc-4tgp7y-0 kOaJye"
            >
              <div
                class="ant-card-meta-detail"
              >
                <div
                  class="ant-card-meta-title"
                >
                  test track 1
                </div>
                <div
                  class="ant-card-meta-description"
                >
                  test artist 1
                </div>
              </div>
            </div>
          </div>
          <ul
            class="ant-card-actions"
          >
            <li
              style="width: 50%;"
            >
              <span>
                <span
                  aria-label="play-circle"
                  class="anticon anticon-play-circle"
                  data-testid="play-button"
                  role="img"
                  tabindex="-1"
                >
                  <svg
                    aria-hidden="true"
                    data-icon="play-circle"
                    fill="currentColor"
                    focusable="false"
                    height="1em"
                    viewBox="64 64 896 896"
                    width="1em"
                  >
                    <path
                      d="M512 64C264.6 64 64 264.6 64 512s200.6 448 448 448 448-200.6 448-448S759.4 64 512 64zm0 820c-205.4 0-372-166.6-372-372s166.6-372 372-372 372 166.6 372 372-166.6 372-372 372z"
                    />
                    <path
                      d="M719.4 499.1l-296.1-215A15.9 15.9 0 00398 297v430c0 13.1 14.8 20.5 25.3 12.9l296.1-215a15.9 15.9 0 000-25.8zm-257.6 134V390.9L628.5 512 461.8 633.1z"
                    />
                  </svg>
                </span>
              </span>
            </li>
            <li
              style="width: 50%;"
            >
              <span>
                <span
                  aria-label="info-circle"
                  class="anticon anticon-info-circle"
                  data-testid="more-button"
                  role="img"
                  tabindex="-1"
                >
                  <svg
                    aria-hidden="true"
                    data-icon="info-circle"
                    fill="currentColor"
                    focusable="false"
                    height="1em"
                    viewBox="64 64 896 896"
                    width="1em"
                  >
                    <path
                      d="M512 64C264.6 64 64 264.6 64 512s200.6 448 448 448 448-200.6 448-448S759.4 64 512 64zm0 820c-205.4 0-372-166.6-372-372s166.6-372 372-372 372 166.6 372 372-166.6 372-372 372z"
                    />
                    <path
                      d="M464 336a48 48 0 1096 0 48 48 0 10-96 0zm72 112h-48c-4.4 0-8 3.6-8 8v272c0 4.4 3.6 8 8 8h48c4.4 0 8-3.6 8-8V456c0-4.4-3.6-8-8-8z"
                    />
                  </svg>
                </span>
              </span>
            </li>
          </ul>
        </div>
        <audio
          data-testid="audio-element"
          src="preview url 1"
        />
        <div
          class="ant-card ant-card-bordered MusicInfoCard__InfoCard-sc-4tgp7y-1 hXHvIE"
          data-testid="music-info-card"
        >
          <div
            class="ant-card-cover"
          >
            <img
              alt="test track 2"
              height="250px"
              loading="lazy"
              style="max-inline-size: 100%;"
              width="250px"
            />
          </div>
          <div
            class="ant-card-body"
          >
            <div
              class="ant-card-meta MusicInfoCard__StyledMeta-sc-4tgp7y-0 kOaJye"
            >
              <div
                class="ant-card-meta-detail"
              >
                <div
                  class="ant-card-meta-title"
                >
                  test track 2
                </div>
                <div
                  class="ant-card-meta-description"
                >
                  test artist 2
                </div>
              </div>
            </div>
          </div>
          <ul
            class="ant-card-actions"
          >
            <li
              style="width: 50%;"
            >
              <span>
                <span
                  aria-label="play-circle"
                  class="anticon anticon-play-circle"
                  data-testid="play-button"
                  role="img"
                  tabindex="-1"
                >
                  <svg
                    aria-hidden="true"
                    data-icon="play-circle"
                    fill="currentColor"
                    focusable="false"
                    height="1em"
                    viewBox="64 64 896 896"
                    width="1em"
                  >
                    <path
                      d="M512 64C264.6 64 64 264.6 64 512s200.6 448 448 448 448-200.6 448-448S759.4 64 512 64zm0 820c-205.4 0-372-166.6-372-372s166.6-372 372-372 372 166.6 372 372-166.6 372-372 372z"
                    />
                    <path
                      d="M719.4 499.1l-296.1-215A15.9 15.9 0 00398 297v430c0 13.1 14.8 20.5 25.3 12.9l296.1-215a15.9 15.9 0 000-25.8zm-257.6 134V390.9L628.5 512 461.8 633.1z"
                    />
                  </svg>
                </span>
              </span>
            </li>
            <li
              style="width: 50%;"
            >
              <span>
                <span
                  aria-label="info-circle"
                  class="anticon anticon-info-circle"
                  data-testid="more-button"
                  role="img"
                  tabindex="-1"
                >
                  <svg
                    aria-hidden="true"
                    data-icon="info-circle"
                    fill="currentColor"
                    focusable="false"
                    height="1em"
                    viewBox="64 64 896 896"
                    width="1em"
                  >
                    <path
                      d="M512 64C264.6 64 64 264.6 64 512s200.6 448 448 448 448-200.6 448-448S759.4 64 512 64zm0 820c-205.4 0-372-166.6-372-372s166.6-372 372-372 372 166.6 372 372-166.6 372-372 372z"
                    />
                    <path
                      d="M464 336a48 48 0 1096 0 48 48 0 10-96 0zm72 112h-48c-4.4 0-8 3.6-8 8v272c0 4.4 3.6 8 8 8h48c4.4 0 8-3.6 8-8V456c0-4.4-3.6-8-8-8z"
                    />
                  </svg>
                </span>
              </span>
            </li>
          </ul>
        </div>
        <audio
          data-testid="audio-element"
          src="preview url 2"
        />
      </div>
    </div>
  </div>
</body>
`;
